// Jest Snapshot v1, https://goo.gl/fbAQLP

exports[`Body Snapshot 1`] = `
<div>
  <p
    class="h-body"
  >
    Shmallas
  </p>
</div>
`;
