// Jest Snapshot v1, https://goo.gl/fbAQLP

exports[`Heading Snapshot 1`] = `
<div>
  <h1
    class="h-heading-100"
  >
    Shmallas
  </h1>
</div>
`;
